// Jest Snapshot v1, https://goo.gl/fbAQLP

exports[`Tests for pdf2csv module generate csv from intermediat representation of table data 1`] = `
"Header1,header2,header3,header4,header5,header6
a,b,c,d,e,f
1,,2,,3,4
,A,B,C"
`;
